scan	Set up job	﻿2026-09-25T18:01:35.8980030Z Current runner version: '2.337.0'
scan	Set up job	2026-09-25T18:01:35.8998530Z ##[group]Runner Image Provisioner
scan	Set up job	2026-09-25T18:01:35.8999211Z Hosted Compute Agent
scan	Set up job	2026-09-25T18:01:35.8999702Z Version: 20260828.587
scan	Set up job	2026-09-25T18:01:35.9000150Z Commit: abac92662cab4cc7352de4f9f9d2e2419aad9c29
scan	Set up job	2026-09-25T18:01:35.9000627Z Build Date: 2026-08-28T16:44:25Z
scan	Set up job	2026-09-25T18:01:35.9001112Z Worker ID: {5d7c33b7-56a1-47f0-9ac0-a2f8e92f2fc5}
scan	Set up job	2026-09-25T18:01:35.9001590Z Azure Region: centralus
scan	Set up job	2026-09-25T18:01:35.9001975Z ##[endgroup]
scan	Set up job	2026-09-25T18:01:35.9003148Z ##[group]Operating System
scan	Set up job	2026-09-25T18:01:35.9003568Z Ubuntu
scan	Set up job	2026-09-25T18:01:35.9003966Z 24.04.5
scan	Set up job	2026-09-25T18:01:35.9004309Z LTS
scan	Set up job	2026-09-25T18:01:35.9004662Z ##[endgroup]
scan	Set up job	2026-09-25T18:01:35.9005054Z ##[group]Runner Image
scan	Set up job	2026-09-25T18:01:35.9005449Z Image: ubuntu-24.04
scan	Set up job	2026-09-25T18:01:35.9005838Z Version: 20260920.314.1
scan	Set up job	2026-09-25T18:01:35.9006545Z Included Software: https://github.com/actions/runner-images/blob/ubuntu24/20260920.314/images/ubuntu/Ubuntu2404-Readme.md
scan	Set up job	2026-09-25T18:01:35.9008090Z Image Release: https://github.com/actions/runner-images/releases/tag/ubuntu24%2F20260920.314
scan	Set up job	2026-09-25T18:01:35.9008743Z ##[endgroup]
scan	Set up job	2026-09-25T18:01:35.9009520Z ##[group]GITHUB_TOKEN Permissions
scan	Set up job	2026-09-25T18:01:35.9011276Z Contents: write
scan	Set up job	2026-09-25T18:01:35.9011778Z Metadata: read
scan	Set up job	2026-09-25T18:01:35.9012156Z ##[endgroup]
scan	Set up job	2026-09-25T18:01:35.9013619Z Secret source: Actions
scan	Set up job	2026-09-25T18:01:35.9014303Z Cache mode: write
scan	Set up job	2026-09-25T18:01:35.9014757Z Prepare workflow directory
scan	Set up job	2026-09-25T18:01:35.9274548Z Prepare all required actions
scan	Set up job	2026-09-25T18:01:35.9309658Z Getting action download info
scan	Set up job	2026-09-25T18:01:36.3807741Z Download action repository 'actions/checkout@v4' (SHA:11d5960a326750d5838078e36cf38b85af677262)
scan	Set up job	2026-09-25T18:01:36.4983818Z Download action repository 'actions/setup-python@v5' (SHA:a26af69be951a213d495a4c3e4e4022e16d87065)
scan	Set up job	2026-09-25T18:01:36.6676627Z Complete job name: scan
scan	Run actions/checkout@v4	﻿2026-09-25T18:01:36.7254365Z ##[group]Run actions/checkout@v4
scan	Run actions/checkout@v4	2026-09-25T18:01:36.7255156Z with:
scan	Run actions/checkout@v4	2026-09-25T18:01:36.7255700Z   repository: ryz-ryx/funding-arb-scanner
scan	Run actions/checkout@v4	2026-09-25T18:01:36.7259298Z   token: ***
scan	Run actions/checkout@v4	2026-09-25T18:01:36.7259754Z   ssh-strict: true
scan	Run actions/checkout@v4	2026-09-25T18:01:36.7260236Z   ssh-user: git
scan	Run actions/checkout@v4	2026-09-25T18:01:36.7260689Z   persist-credentials: true
scan	Run actions/checkout@v4	2026-09-25T18:01:36.7261160Z   clean: true
scan	Run actions/checkout@v4	2026-09-25T18:01:36.7261645Z   sparse-checkout-cone-mode: true
scan	Run actions/checkout@v4	2026-09-25T18:01:36.7262155Z   fetch-depth: 1
scan	Run actions/checkout@v4	2026-09-25T18:01:36.7262593Z   fetch-tags: false
scan	Run actions/checkout@v4	2026-09-25T18:01:36.7263059Z   show-progress: true
scan	Run actions/checkout@v4	2026-09-25T18:01:36.7263525Z   lfs: false
scan	Run actions/checkout@v4	2026-09-25T18:01:36.7263957Z   submodules: false
scan	Run actions/checkout@v4	2026-09-25T18:01:36.7264415Z   set-safe-directory: true
scan	Run actions/checkout@v4	2026-09-25T18:01:36.7264917Z   allow-unsafe-pr-checkout: false
scan	Run actions/checkout@v4	2026-09-25T18:01:36.7265634Z ##[endgroup]
scan	Run actions/checkout@v4	2026-09-25T18:01:36.8077079Z Syncing repository: ryz-ryx/funding-arb-scanner
scan	Run actions/checkout@v4	2026-09-25T18:01:36.8081082Z ##[group]Getting Git version info
scan	Run actions/checkout@v4	2026-09-25T18:01:36.8082386Z Working directory is '/home/runner/work/funding-arb-scanner/funding-arb-scanner'
scan	Run actions/checkout@v4	2026-09-25T18:01:36.8084341Z [command]/usr/bin/git version
scan	Run actions/checkout@v4	2026-09-25T18:01:36.8119625Z git version 2.55.0
scan	Run actions/checkout@v4	2026-09-25T18:01:36.8133687Z ##[endgroup]
scan	Run actions/checkout@v4	2026-09-25T18:01:36.8143065Z Temporarily overriding HOME='/home/runner/work/_temp/d7d1a114-2ff6-4fcc-aa2a-69889eefca17' before making global git config changes
scan	Run actions/checkout@v4	2026-09-25T18:01:36.8149713Z Adding repository directory to the temporary git global config as a safe directory
scan	Run actions/checkout@v4	2026-09-25T18:01:36.8154849Z [command]/usr/bin/git config --global --add safe.directory /home/runner/work/funding-arb-scanner/funding-arb-scanner
scan	Run actions/checkout@v4	2026-09-25T18:01:36.8206376Z Deleting the contents of '/home/runner/work/funding-arb-scanner/funding-arb-scanner'
scan	Run actions/checkout@v4	2026-09-25T18:01:36.8212156Z ##[group]Initializing the repository
scan	Run actions/checkout@v4	2026-09-25T18:01:36.8216945Z [command]/usr/bin/git init /home/runner/work/funding-arb-scanner/funding-arb-scanner
scan	Run actions/checkout@v4	2026-09-25T18:01:36.8302452Z hint: Using 'master' as the name for the initial branch. This default branch name
scan	Run actions/checkout@v4	2026-09-25T18:01:36.8304026Z hint: will change to "main" in Git 3.0. To configure the initial branch name
scan	Run actions/checkout@v4	2026-09-25T18:01:36.8305776Z hint: to use in all of your new repositories, which will suppress this warning,
scan	Run actions/checkout@v4	2026-09-25T18:01:36.8307042Z hint: call:
scan	Run actions/checkout@v4	2026-09-25T18:01:36.8307791Z hint:
scan	Run actions/checkout@v4	2026-09-25T18:01:36.8308669Z hint: 	git config --global init.defaultBranch <name>
scan	Run actions/checkout@v4	2026-09-25T18:01:36.8309504Z hint:
scan	Run actions/checkout@v4	2026-09-25T18:01:36.8310291Z hint: Names commonly chosen instead of 'master' are 'main', 'trunk' and
scan	Run actions/checkout@v4	2026-09-25T18:01:36.8311526Z hint: 'development'. The just-created branch can be renamed via this command:
scan	Run actions/checkout@v4	2026-09-25T18:01:36.8312574Z hint:
scan	Run actions/checkout@v4	2026-09-25T18:01:36.8313198Z hint: 	git branch -m <name>
scan	Run actions/checkout@v4	2026-09-25T18:01:36.8313873Z hint:
scan	Run actions/checkout@v4	2026-09-25T18:01:36.8314670Z hint: Disable this message with "git config set advice.defaultBranchName false"
scan	Run actions/checkout@v4	2026-09-25T18:01:36.8316097Z Initialized empty Git repository in /home/runner/work/funding-arb-scanner/funding-arb-scanner/.git/
scan	Run actions/checkout@v4	2026-09-25T18:01:36.8319088Z [command]/usr/bin/git remote add origin https://github.com/ryz-ryx/funding-arb-scanner
scan	Run actions/checkout@v4	2026-09-25T18:01:36.8359413Z ##[endgroup]
scan	Run actions/checkout@v4	2026-09-25T18:01:36.8360549Z ##[group]Disabling automatic garbage collection
scan	Run actions/checkout@v4	2026-09-25T18:01:36.8362676Z [command]/usr/bin/git config --local gc.auto 0
scan	Run actions/checkout@v4	2026-09-25T18:01:36.8390230Z ##[endgroup]
scan	Run actions/checkout@v4	2026-09-25T18:01:36.8391610Z ##[group]Setting up auth
scan	Run actions/checkout@v4	2026-09-25T18:01:36.8395532Z [command]/usr/bin/git config --local --name-only --get-regexp core\.sshCommand
scan	Run actions/checkout@v4	2026-09-25T18:01:36.8419951Z [command]/usr/bin/git submodule foreach --recursive sh -c "git config --local --name-only --get-regexp 'core\.sshCommand' && git config --local --unset-all 'core.sshCommand' || :"
scan	Run actions/checkout@v4	2026-09-25T18:01:36.8702219Z [command]/usr/bin/git config --local --name-only --get-regexp http\.https\:\/\/github\.com\/\.extraheader
scan	Run actions/checkout@v4	2026-09-25T18:01:36.8726070Z [command]/usr/bin/git submodule foreach --recursive sh -c "git config --local --name-only --get-regexp 'http\.https\:\/\/github\.com\/\.extraheader' && git config --local --unset-all 'http.https://github.com/.extraheader' || :"
scan	Run actions/checkout@v4	2026-09-25T18:01:36.8926440Z [command]/usr/bin/git config --local --name-only --get-regexp ^includeIf\.gitdir:
scan	Run actions/checkout@v4	2026-09-25T18:01:36.8951550Z [command]/usr/bin/git submodule foreach --recursive git config --local --show-origin --name-only --get-regexp remote.origin.url
scan	Run actions/checkout@v4	2026-09-25T18:01:36.9105459Z [command]/usr/bin/git config --local http.https://github.com/.extraheader AUTHORIZATION: basic ***
scan	Run actions/checkout@v4	2026-09-25T18:01:36.9139833Z ##[endgroup]
scan	Run actions/checkout@v4	2026-09-25T18:01:36.9140740Z ##[group]Fetching the repository
scan	Run actions/checkout@v4	2026-09-25T18:01:36.9147899Z [command]/usr/bin/git -c protocol.version=2 fetch --no-tags --prune --no-recurse-submodules --depth=1 origin +a951e684f258d6586e3dbf3371dca2854181e283:refs/remotes/origin/main
scan	Run actions/checkout@v4	2026-09-25T18:01:37.4085848Z From https://github.com/ryz-ryx/funding-arb-scanner
scan	Run actions/checkout@v4	2026-09-25T18:01:37.4087336Z  * [new ref]         a951e684f258d6586e3dbf3371dca2854181e283 -> origin/main
scan	Run actions/checkout@v4	2026-09-25T18:01:37.4090942Z ##[endgroup]
scan	Run actions/checkout@v4	2026-09-25T18:01:37.4092342Z ##[group]Determining the checkout info
scan	Run actions/checkout@v4	2026-09-25T18:01:37.4093917Z ##[endgroup]
scan	Run actions/checkout@v4	2026-09-25T18:01:37.4097189Z [command]/usr/bin/git sparse-checkout disable
scan	Run actions/checkout@v4	2026-09-25T18:01:37.4230647Z [command]/usr/bin/git config --local --unset-all extensions.worktreeConfig
scan	Run actions/checkout@v4	2026-09-25T18:01:37.4253352Z ##[group]Checking out the ref
scan	Run actions/checkout@v4	2026-09-25T18:01:37.4255991Z [command]/usr/bin/git checkout --progress --force -B main refs/remotes/origin/main
scan	Run actions/checkout@v4	2026-09-25T18:01:37.4300822Z Switched to a new branch 'main'
scan	Run actions/checkout@v4	2026-09-25T18:01:37.4305283Z branch 'main' set up to track 'origin/main'.
scan	Run actions/checkout@v4	2026-09-25T18:01:37.4308617Z ##[endgroup]
scan	Run actions/checkout@v4	2026-09-25T18:01:37.4332922Z [command]/usr/bin/git log -1 --format=%H
scan	Run actions/checkout@v4	2026-09-25T18:01:37.4348417Z a951e684f258d6586e3dbf3371dca2854181e283
scan	Run actions/setup-python@v5	﻿2026-09-25T18:01:37.4619624Z ##[group]Run actions/setup-python@v5
scan	Run actions/setup-python@v5	2026-09-25T18:01:37.4620553Z with:
scan	Run actions/setup-python@v5	2026-09-25T18:01:37.4621288Z   python-version: 3.12
scan	Run actions/setup-python@v5	2026-09-25T18:01:37.4622064Z   check-latest: false
scan	Run actions/setup-python@v5	2026-09-25T18:01:37.4628911Z   token: ***
scan	Run actions/setup-python@v5	2026-09-25T18:01:37.4629679Z   update-environment: true
scan	Run actions/setup-python@v5	2026-09-25T18:01:37.4630540Z   allow-prereleases: false
scan	Run actions/setup-python@v5	2026-09-25T18:01:37.4631506Z   freethreaded: false
scan	Run actions/setup-python@v5	2026-09-25T18:01:37.4632261Z ##[endgroup]
scan	Run actions/setup-python@v5	2026-09-25T18:01:37.5578387Z ##[group]Installed versions
scan	Run actions/setup-python@v5	2026-09-25T18:01:37.5881314Z (node:2026) [DEP0040] DeprecationWarning: The `punycode` module is deprecated. Please use a userland alternative instead.
scan	Run actions/setup-python@v5	2026-09-25T18:01:37.5884228Z (Use `node --trace-deprecation ...` to show where the warning was created)
scan	Run actions/setup-python@v5	2026-09-25T18:01:37.5886023Z Successfully set up CPython (3.12.14)
scan	Run actions/setup-python@v5	2026-09-25T18:01:37.5888170Z ##[endgroup]
scan	Run pip install -r requirements.txt	﻿2026-09-25T18:01:37.6028787Z ##[group]Run pip install -r requirements.txt
scan	Run pip install -r requirements.txt	2026-09-25T18:01:37.6030005Z ^[[36;1mpip install -r requirements.txt^[[0m
scan	Run pip install -r requirements.txt	2026-09-25T18:01:37.6214470Z shell: /usr/bin/bash -e {0}
scan	Run pip install -r requirements.txt	2026-09-25T18:01:37.6215311Z env:
scan	Run pip install -r requirements.txt	2026-09-25T18:01:37.6216144Z   pythonLocation: /opt/hostedtoolcache/Python/3.12.14/x64
scan	Run pip install -r requirements.txt	2026-09-25T18:01:37.6217719Z   PKG_CONFIG_PATH: /opt/hostedtoolcache/Python/3.12.14/x64/lib/pkgconfig
scan	Run pip install -r requirements.txt	2026-09-25T18:01:37.6219104Z   Python_ROOT_DIR: /opt/hostedtoolcache/Python/3.12.14/x64
scan	Run pip install -r requirements.txt	2026-09-25T18:01:37.6220313Z   Python2_ROOT_DIR: /opt/hostedtoolcache/Python/3.12.14/x64
scan	Run pip install -r requirements.txt	2026-09-25T18:01:37.6221517Z   Python3_ROOT_DIR: /opt/hostedtoolcache/Python/3.12.14/x64
scan	Run pip install -r requirements.txt	2026-09-25T18:01:37.6222739Z   LD_LIBRARY_PATH: /opt/hostedtoolcache/Python/3.12.14/x64/lib
scan	Run pip install -r requirements.txt	2026-09-25T18:01:37.6223804Z ##[endgroup]
scan	Run pip install -r requirements.txt	2026-09-25T18:01:39.5081557Z Collecting ccxt (from -r requirements.txt (line 1))
scan	Run pip install -r requirements.txt	2026-09-25T18:01:39.5954951Z   Downloading ccxt-4.5.84-py3-none-any.whl.metadata (162 kB)
scan	Run pip install -r requirements.txt	2026-09-25T18:01:39.6665537Z Collecting certifi==2026.6.17 (from ccxt->-r requirements.txt (line 1))
scan	Run pip install -r requirements.txt	2026-09-25T18:01:39.6818795Z   Downloading certifi-2026.6.17-py3-none-any.whl.metadata (2.5 kB)
scan	Run pip install -r requirements.txt	2026-09-25T18:01:39.7039708Z Collecting requests<3,>=2.32 (from ccxt->-r requirements.txt (line 1))
scan	Run pip install -r requirements.txt	2026-09-25T18:01:39.7191146Z   Downloading requests-2.34.2-py3-none-any.whl.metadata (4.8 kB)
scan	Run pip install -r requirements.txt	2026-09-25T18:01:39.8505089Z Collecting cryptography<51,>=50 (from ccxt->-r requirements.txt (line 1))
scan	Run pip install -r requirements.txt	2026-09-25T18:01:39.8659629Z   Downloading cryptography-50.0.1-cp311-abi3-manylinux_2_34_x86_64.whl.metadata (4.3 kB)
scan	Run pip install -r requirements.txt	2026-09-25T18:01:39.9111257Z Collecting typing_extensions==4.16.0 (from ccxt->-r requirements.txt (line 1))
scan	Run pip install -r requirements.txt	2026-09-25T18:01:39.9264290Z   Downloading typing_extensions-4.16.0-py3-none-any.whl.metadata (3.3 kB)
scan	Run pip install -r requirements.txt	2026-09-25T18:01:40.5641028Z Collecting aiohttp<3.15,>=3.14.3 (from ccxt->-r requirements.txt (line 1))
scan	Run pip install -r requirements.txt	2026-09-25T18:01:40.5800193Z   Downloading aiohttp-3.14.3-cp312-cp312-manylinux2014_x86_64.manylinux_2_17_x86_64.manylinux_2_28_x86_64.whl.metadata (8.3 kB)
scan	Run pip install -r requirements.txt	2026-09-25T18:01:40.8333121Z Collecting yarl<2,>=1.20 (from ccxt->-r requirements.txt (line 1))
scan	Run pip install -r requirements.txt	2026-09-25T18:01:40.8490338Z   Downloading yarl-1.25.1-cp312-cp312-manylinux2014_x86_64.manylinux_2_17_x86_64.manylinux_2_28_x86_64.whl.metadata (111 kB)
scan	Run pip install -r requirements.txt	2026-09-25T18:01:40.9211006Z Collecting aiohttp-fast-zlib==0.3.0 (from ccxt->-r requirements.txt (line 1))
scan	Run pip install -r requirements.txt	2026-09-25T18:01:40.9380727Z   Downloading aiohttp_fast_zlib-0.3.0-py3-none-any.whl.metadata (5.7 kB)
scan	Run pip install -r requirements.txt	2026-09-25T18:01:40.9657260Z Collecting zlib-ng==1.0.0 (from ccxt->-r requirements.txt (line 1))
scan	Run pip install -r requirements.txt	2026-09-25T18:01:40.9821594Z   Downloading zlib_ng-1.0.0-cp312-cp312-manylinux2014_x86_64.manylinux_2_17_x86_64.manylinux_2_28_x86_64.whl.metadata (6.8 kB)
scan	Run pip install -r requirements.txt	2026-09-25T18:01:41.1376356Z Collecting uvloop==0.22.1 (from ccxt->-r requirements.txt (line 1))
scan	Run pip install -r requirements.txt	2026-09-25T18:01:41.1533609Z   Downloading uvloop-0.22.1-cp312-cp312-manylinux2014_x86_64.manylinux_2_17_x86_64.manylinux_2_28_x86_64.whl.metadata (4.9 kB)
scan	Run pip install -r requirements.txt	2026-09-25T18:01:41.4547088Z Collecting orjson==3.11.9 (from ccxt->-r requirements.txt (line 1))
scan	Run pip install -r requirements.txt	2026-09-25T18:01:41.4703270Z   Downloading orjson-3.11.9-cp312-cp312-manylinux_2_17_x86_64.manylinux2014_x86_64.whl.metadata (41 kB)
scan	Run pip install -r requirements.txt	2026-09-25T18:01:41.5332342Z Collecting coincurve==21.0.0 (from ccxt->-r requirements.txt (line 1))
scan	Run pip install -r requirements.txt	2026-09-25T18:01:41.5492658Z   Downloading coincurve-21.0.0-cp312-cp312-manylinux_2_17_x86_64.manylinux2014_x86_64.whl.metadata (4.0 kB)
scan	Run pip install -r requirements.txt	2026-09-25T18:01:41.6715370Z Collecting aiohappyeyeballs==2.7.1 (from ccxt->-r requirements.txt (line 1))
scan	Run pip install -r requirements.txt	2026-09-25T18:01:41.6867179Z   Downloading aiohappyeyeballs-2.7.1-py3-none-any.whl.metadata (5.9 kB)
scan	Run pip install -r requirements.txt	2026-09-25T18:01:41.8363514Z Collecting aiosignal==1.4.0 (from ccxt->-r requirements.txt (line 1))
scan	Run pip install -r requirements.txt	2026-09-25T18:01:41.8516066Z   Downloading aiosignal-1.4.0-py3-none-any.whl.metadata (3.7 kB)
scan	Run pip install -r requirements.txt	2026-09-25T18:01:41.8691372Z Collecting attrs==26.1.0 (from ccxt->-r requirements.txt (line 1))
scan	Run pip install -r requirements.txt	2026-09-25T18:01:41.8847909Z   Downloading attrs-26.1.0-py3-none-any.whl.metadata (8.8 kB)
scan	Run pip install -r requirements.txt	2026-09-25T18:01:42.0207672Z Collecting frozenlist==1.8.0 (from ccxt->-r requirements.txt (line 1))
scan	Run pip install -r requirements.txt	2026-09-25T18:01:42.0360629Z   Downloading frozenlist-1.8.0-cp312-cp312-manylinux1_x86_64.manylinux_2_28_x86_64.manylinux_2_5_x86_64.whl.metadata (20 kB)
scan	Run pip install -r requirements.txt	2026-09-25T18:01:42.3689747Z Collecting multidict==6.7.1 (from ccxt->-r requirements.txt (line 1))
scan	Run pip install -r requirements.txt	2026-09-25T18:01:42.3922985Z   Downloading multidict-6.7.1-cp312-cp312-manylinux2014_x86_64.manylinux_2_17_x86_64.manylinux_2_28_x86_64.whl.metadata (5.3 kB)
scan	Run pip install -r requirements.txt	2026-09-25T18:01:42.5522968Z Collecting propcache==0.5.2 (from ccxt->-r requirements.txt (line 1))
scan	Run pip install -r requirements.txt	2026-09-25T18:01:42.5694102Z   Downloading propcache-0.5.2-cp312-cp312-manylinux2014_x86_64.manylinux_2_17_x86_64.manylinux_2_28_x86_64.whl.metadata (16 kB)
scan	Run pip install -r requirements.txt	2026-09-25T18:01:42.6391746Z Collecting cffi==2.0.0 (from ccxt->-r requirements.txt (line 1))
scan	Run pip install -r requirements.txt	2026-09-25T18:01:42.6543770Z   Downloading cffi-2.0.0-cp312-cp312-manylinux2014_x86_64.manylinux_2_17_x86_64.whl.metadata (2.6 kB)
scan	Run pip install -r requirements.txt	2026-09-25T18:01:42.7684013Z Collecting pycparser==3.0 (from ccxt->-r requirements.txt (line 1))
scan	Run pip install -r requirements.txt	2026-09-25T18:01:42.7833277Z   Downloading pycparser-3.0-py3-none-any.whl.metadata (8.2 kB)
scan	Run pip install -r requirements.txt	2026-09-25T18:01:43.0213427Z Collecting charset_normalizer==3.4.7 (from ccxt->-r requirements.txt (line 1))
scan	Run pip install -r requirements.txt	2026-09-25T18:01:43.0375830Z   Downloading charset_normalizer-3.4.7-cp312-cp312-manylinux2014_x86_64.manylinux_2_17_x86_64.manylinux_2_28_x86_64.whl.metadata (40 kB)
scan	Run pip install -r requirements.txt	2026-09-25T18:01:43.1470211Z Collecting idna==3.18 (from ccxt->-r requirements.txt (line 1))
scan	Run pip install -r requirements.txt	2026-09-25T18:01:43.1649236Z   Downloading idna-3.18-py3-none-any.whl.metadata (6.1 kB)
scan	Run pip install -r requirements.txt	2026-09-25T18:01:43.1849193Z Collecting urllib3==2.7.0 (from ccxt->-r requirements.txt (line 1))
scan	Run pip install -r requirements.txt	2026-09-25T18:01:43.1999896Z   Downloading urllib3-2.7.0-py3-none-any.whl.metadata (6.9 kB)
scan	Run pip install -r requirements.txt	2026-09-25T18:01:43.2346554Z Downloading ccxt-4.5.84-py3-none-any.whl (6.6 MB)
scan	Run pip install -r requirements.txt	2026-09-25T18:01:43.3960718Z    ━━━━━━━━━━━━━━━━━━━━━━━━━━━━━━━━━━━━━━━━ 6.6/6.6 MB 43.6 MB/s  0:00:00
scan	Run pip install -r requirements.txt	2026-09-25T18:01:43.4114950Z Downloading aiohappyeyeballs-2.7.1-py3-none-any.whl (15 kB)
scan	Run pip install -r requirements.txt	2026-09-25T18:01:43.4300590Z Downloading aiohttp_fast_zlib-0.3.0-py3-none-any.whl (8.6 kB)
scan	Run pip install -r requirements.txt	2026-09-25T18:01:43.4469905Z Downloading aiosignal-1.4.0-py3-none-any.whl (7.5 kB)
scan	Run pip install -r requirements.txt	2026-09-25T18:01:43.4638825Z Downloading attrs-26.1.0-py3-none-any.whl (67 kB)
scan	Run pip install -r requirements.txt	2026-09-25T18:01:43.4806217Z Downloading certifi-2026.6.17-py3-none-any.whl (133 kB)
scan	Run pip install -r requirements.txt	2026-09-25T18:01:43.4975653Z Downloading cffi-2.0.0-cp312-cp312-manylinux2014_x86_64.manylinux_2_17_x86_64.whl (219 kB)
scan	Run pip install -r requirements.txt	2026-09-25T18:01:43.6523620Z Downloading charset_normalizer-3.4.7-cp312-cp312-manylinux2014_x86_64.manylinux_2_17_x86_64.manylinux_2_28_x86_64.whl (216 kB)
scan	Run pip install -r requirements.txt	2026-09-25T18:01:43.6715175Z Downloading coincurve-21.0.0-cp312-cp312-manylinux_2_17_x86_64.manylinux2014_x86_64.whl (1.6 MB)
scan	Run pip install -r requirements.txt	2026-09-25T18:01:43.6799388Z    ━━━━━━━━━━━━━━━━━━━━━━━━━━━━━━━━━━━━━━━━ 1.6/1.6 MB 207.8 MB/s  0:00:00
scan	Run pip install -r requirements.txt	2026-09-25T18:01:43.6956400Z Downloading frozenlist-1.8.0-cp312-cp312-manylinux1_x86_64.manylinux_2_28_x86_64.manylinux_2_5_x86_64.whl (242 kB)
scan	Run pip install -r requirements.txt	2026-09-25T18:01:43.7301956Z Downloading idna-3.18-py3-none-any.whl (65 kB)
scan	Run pip install -r requirements.txt	2026-09-25T18:01:43.9258042Z Downloading multidict-6.7.1-cp312-cp312-manylinux2014_x86_64.manylinux_2_17_x86_64.manylinux_2_28_x86_64.whl (256 kB)
scan	Run pip install -r requirements.txt	2026-09-25T18:01:43.9540936Z Downloading orjson-3.11.9-cp312-cp312-manylinux_2_17_x86_64.manylinux2014_x86_64.whl (134 kB)
scan	Run pip install -r requirements.txt	2026-09-25T18:01:43.9727678Z Downloading propcache-0.5.2-cp312-cp312-manylinux2014_x86_64.manylinux_2_17_x86_64.manylinux_2_28_x86_64.whl (61 kB)
scan	Run pip install -r requirements.txt	2026-09-25T18:01:43.9903573Z Downloading pycparser-3.0-py3-none-any.whl (48 kB)
scan	Run pip install -r requirements.txt	2026-09-25T18:01:44.1425633Z Downloading typing_extensions-4.16.0-py3-none-any.whl (45 kB)
scan	Run pip install -r requirements.txt	2026-09-25T18:01:44.1676377Z Downloading urllib3-2.7.0-py3-none-any.whl (131 kB)
scan	Run pip install -r requirements.txt	2026-09-25T18:01:44.1849069Z Downloading uvloop-0.22.1-cp312-cp312-manylinux2014_x86_64.manylinux_2_17_x86_64.manylinux_2_28_x86_64.whl (4.4 MB)
scan	Run pip install -r requirements.txt	2026-09-25T18:01:44.2662643Z    ━━━━━━━━━━━━━━━━━━━━━━━━━━━━━━━━━━━━━━━━ 4.4/4.4 MB 52.6 MB/s  0:00:00
scan	Run pip install -r requirements.txt	2026-09-25T18:01:44.2829221Z Downloading zlib_ng-1.0.0-cp312-cp312-manylinux2014_x86_64.manylinux_2_17_x86_64.manylinux_2_28_x86_64.whl (132 kB)
scan	Run pip install -r requirements.txt	2026-09-25T18:01:44.3002114Z Downloading aiohttp-3.14.3-cp312-cp312-manylinux2014_x86_64.manylinux_2_17_x86_64.manylinux_2_28_x86_64.whl (1.8 MB)
scan	Run pip install -r requirements.txt	2026-09-25T18:01:44.3623749Z    ━━━━━━━━━━━━━━━━━━━━━━━━━━━━━━━━━━━━━━━━ 1.8/1.8 MB 25.4 MB/s  0:00:00
scan	Run pip install -r requirements.txt	2026-09-25T18:01:44.3778856Z Downloading cryptography-50.0.1-cp311-abi3-manylinux_2_34_x86_64.whl (4.7 MB)
scan	Run pip install -r requirements.txt	2026-09-25T18:01:44.4063368Z    ━━━━━━━━━━━━━━━━━━━━━━━━━━━━━━━━━━━━━━━━ 4.7/4.7 MB 167.5 MB/s  0:00:00
scan	Run pip install -r requirements.txt	2026-09-25T18:01:44.4221568Z Downloading requests-2.34.2-py3-none-any.whl (73 kB)
scan	Run pip install -r requirements.txt	2026-09-25T18:01:44.4408500Z Downloading yarl-1.25.1-cp312-cp312-manylinux2014_x86_64.manylinux_2_17_x86_64.manylinux_2_28_x86_64.whl (117 kB)
scan	Run pip install -r requirements.txt	2026-09-25T18:01:44.8470369Z Installing collected packages: zlib-ng, uvloop, urllib3, typing_extensions, pycparser, propcache, orjson, multidict, idna, frozenlist, coincurve, charset_normalizer, certifi, attrs, aiohappyeyeballs, yarl, requests, cffi, aiosignal, cryptography, aiohttp, aiohttp-fast-zlib, ccxt
scan	Run pip install -r requirements.txt	2026-09-25T18:01:48.8743882Z 
scan	Run pip install -r requirements.txt	2026-09-25T18:01:48.8762028Z Successfully installed aiohappyeyeballs-2.7.1 aiohttp-3.14.3 aiohttp-fast-zlib-0.3.0 aiosignal-1.4.0 attrs-26.1.0 ccxt-4.5.84 certifi-2026.6.17 cffi-2.0.0 charset_normalizer-3.4.7 coincurve-21.0.0 cryptography-50.0.1 frozenlist-1.8.0 idna-3.18 multidict-6.7.1 orjson-3.11.9 propcache-0.5.2 pycparser-3.0 requests-2.34.2 typing_extensions-4.16.0 urllib3-2.7.0 uvloop-0.22.1 yarl-1.25.1 zlib-ng-1.0.0
scan	Run scanner, append log, write dashboard JSON	﻿2026-09-25T18:01:48.9814747Z ##[group]Run python scanner/live_scanner.py docs/data/latest_scan.json >> SCAN_LOG.md
scan	Run scanner, append log, write dashboard JSON	2026-09-25T18:01:48.9815267Z ^[[36;1mpython scanner/live_scanner.py docs/data/latest_scan.json >> SCAN_LOG.md^[[0m
scan	Run scanner, append log, write dashboard JSON	2026-09-25T18:01:48.9815646Z ^[[36;1mecho "" >> SCAN_LOG.md^[[0m
scan	Run scanner, append log, write dashboard JSON	2026-09-25T18:01:48.9815888Z ^[[36;1mecho "---" >> SCAN_LOG.md^[[0m
scan	Run scanner, append log, write dashboard JSON	2026-09-25T18:01:48.9816281Z ^[[36;1mecho "" >> SCAN_LOG.md^[[0m
scan	Run scanner, append log, write dashboard JSON	2026-09-25T18:01:48.9855111Z shell: /usr/bin/bash -e {0}
scan	Run scanner, append log, write dashboard JSON	2026-09-25T18:01:48.9855414Z env:
scan	Run scanner, append log, write dashboard JSON	2026-09-25T18:01:48.9855676Z   pythonLocation: /opt/hostedtoolcache/Python/3.12.14/x64
scan	Run scanner, append log, write dashboard JSON	2026-09-25T18:01:48.9856080Z   PKG_CONFIG_PATH: /opt/hostedtoolcache/Python/3.12.14/x64/lib/pkgconfig
scan	Run scanner, append log, write dashboard JSON	2026-09-25T18:01:48.9856442Z   Python_ROOT_DIR: /opt/hostedtoolcache/Python/3.12.14/x64
scan	Run scanner, append log, write dashboard JSON	2026-09-25T18:01:48.9856761Z   Python2_ROOT_DIR: /opt/hostedtoolcache/Python/3.12.14/x64
scan	Run scanner, append log, write dashboard JSON	2026-09-25T18:01:48.9857135Z   Python3_ROOT_DIR: /opt/hostedtoolcache/Python/3.12.14/x64
scan	Run scanner, append log, write dashboard JSON	2026-09-25T18:01:48.9857665Z   LD_LIBRARY_PATH: /opt/hostedtoolcache/Python/3.12.14/x64/lib
scan	Run scanner, append log, write dashboard JSON	2026-09-25T18:01:48.9858088Z ##[endgroup]
scan	Commit updated log and dashboard data	﻿2026-09-25T18:02:48.4386255Z ##[group]Run git config user.name "github-actions[bot]"
scan	Commit updated log and dashboard data	2026-09-25T18:02:48.4386710Z ^[[36;1mgit config user.name "github-actions[bot]"^[[0m
scan	Commit updated log and dashboard data	2026-09-25T18:02:48.4387065Z ^[[36;1mgit config user.email "github-actions[bot]@users.noreply.github.com"^[[0m
scan	Commit updated log and dashboard data	2026-09-25T18:02:48.4387610Z ^[[36;1mgit add SCAN_LOG.md docs/data/latest_scan.json^[[0m
scan	Commit updated log and dashboard data	2026-09-25T18:02:48.4388055Z ^[[36;1mgit diff --staged --quiet || git commit -m "Scan: $(date -u +'%Y-%m-%d %H:%M UTC')"^[[0m
scan	Commit updated log and dashboard data	2026-09-25T18:02:48.4388515Z ^[[36;1mgit push^[[0m
scan	Commit updated log and dashboard data	2026-09-25T18:02:48.4423102Z shell: /usr/bin/bash -e {0}
scan	Commit updated log and dashboard data	2026-09-25T18:02:48.4423506Z env:
scan	Commit updated log and dashboard data	2026-09-25T18:02:48.4423784Z   pythonLocation: /opt/hostedtoolcache/Python/3.12.14/x64
scan	Commit updated log and dashboard data	2026-09-25T18:02:48.4424196Z   PKG_CONFIG_PATH: /opt/hostedtoolcache/Python/3.12.14/x64/lib/pkgconfig
scan	Commit updated log and dashboard data	2026-09-25T18:02:48.4424577Z   Python_ROOT_DIR: /opt/hostedtoolcache/Python/3.12.14/x64
scan	Commit updated log and dashboard data	2026-09-25T18:02:48.4425082Z   Python2_ROOT_DIR: /opt/hostedtoolcache/Python/3.12.14/x64
scan	Commit updated log and dashboard data	2026-09-25T18:02:48.4425457Z   Python3_ROOT_DIR: /opt/hostedtoolcache/Python/3.12.14/x64
scan	Commit updated log and dashboard data	2026-09-25T18:02:48.4425881Z   LD_LIBRARY_PATH: /opt/hostedtoolcache/Python/3.12.14/x64/lib
scan	Commit updated log and dashboard data	2026-09-25T18:02:48.4426198Z ##[endgroup]
scan	Commit updated log and dashboard data	2026-09-25T18:02:48.4568320Z [main c119724] Scan: 2026-09-25 18:02 UTC
scan	Commit updated log and dashboard data	2026-09-25T18:02:48.4568964Z  2 files changed, 96 insertions(+), 45 deletions(-)
scan	Commit updated log and dashboard data	2026-09-25T18:02:49.7457156Z To https://github.com/ryz-ryx/funding-arb-scanner
scan	Commit updated log and dashboard data	2026-09-25T18:02:49.7458055Z    a951e68..c119724  main -> main
scan	Post Run actions/setup-python@v5	﻿2026-09-25T18:02:49.7587865Z Post job cleanup.
scan	Post Run actions/setup-python@v5	2026-09-25T18:02:49.8461359Z (node:2098) [DEP0040] DeprecationWarning: The `punycode` module is deprecated. Please use a userland alternative instead.
scan	Post Run actions/setup-python@v5	2026-09-25T18:02:49.8462033Z (Use `node --trace-deprecation ...` to show where the warning was created)
scan	Post Run actions/checkout@v4	﻿2026-09-25T18:02:49.8655310Z Post job cleanup.
scan	Post Run actions/checkout@v4	2026-09-25T18:02:49.9315921Z [command]/usr/bin/git version
scan	Post Run actions/checkout@v4	2026-09-25T18:02:49.9332299Z git version 2.55.0
scan	Post Run actions/checkout@v4	2026-09-25T18:02:49.9356928Z Temporarily overriding HOME='/home/runner/work/_temp/d613165a-9939-4ad5-b113-3bced03a8910' before making global git config changes
scan	Post Run actions/checkout@v4	2026-09-25T18:02:49.9358138Z Adding repository directory to the temporary git global config as a safe directory
scan	Post Run actions/checkout@v4	2026-09-25T18:02:49.9361569Z [command]/usr/bin/git config --global --add safe.directory /home/runner/work/funding-arb-scanner/funding-arb-scanner
scan	Post Run actions/checkout@v4	2026-09-25T18:02:49.9390879Z [command]/usr/bin/git config --local --name-only --get-regexp core\.sshCommand
scan	Post Run actions/checkout@v4	2026-09-25T18:02:49.9416174Z [command]/usr/bin/git submodule foreach --recursive sh -c "git config --local --name-only --get-regexp 'core\.sshCommand' && git config --local --unset-all 'core.sshCommand' || :"
scan	Post Run actions/checkout@v4	2026-09-25T18:02:49.9574431Z [command]/usr/bin/git config --local --name-only --get-regexp http\.https\:\/\/github\.com\/\.extraheader
scan	Post Run actions/checkout@v4	2026-09-25T18:02:49.9604061Z http.https://github.com/.extraheader
scan	Post Run actions/checkout@v4	2026-09-25T18:02:49.9639816Z [command]/usr/bin/git config --local --unset-all http.https://github.com/.extraheader
scan	Post Run actions/checkout@v4	2026-09-25T18:02:49.9659710Z [command]/usr/bin/git submodule foreach --recursive sh -c "git config --local --name-only --get-regexp 'http\.https\:\/\/github\.com\/\.extraheader' && git config --local --unset-all 'http.https://github.com/.extraheader' || :"
scan	Post Run actions/checkout@v4	2026-09-25T18:02:49.9800761Z [command]/usr/bin/git config --local --name-only --get-regexp ^includeIf\.gitdir:
scan	Post Run actions/checkout@v4	2026-09-25T18:02:49.9825011Z [command]/usr/bin/git submodule foreach --recursive git config --local --show-origin --name-only --get-regexp remote.origin.url
scan	Complete job	﻿2026-09-25T18:02:50.0116011Z Cleaning up orphan processes
scan	Complete job	2026-09-25T18:02:50.0300487Z ##[warning]Node.js 20 is deprecated. The following actions target Node.js 20 but are being forced to run on Node.js 24: actions/checkout@v4, actions/setup-python@v5. For more information see: https://github.blog/changelog/2025-09-19-deprecation-of-node-20-on-github-actions-runners/
